// Jest Snapshot v1, https://goo.gl/fbAQLP

exports[`CartButton renders correctly 1`] = `
<View
  accessibilityState={
    {
      "busy": undefined,
      "checked": undefined,
      "disabled": undefined,
      "expanded": undefined,
      "selected": undefined,
    }
  }
  accessibilityValue={
    {
      "max": undefined,
      "min": undefined,
      "now": undefined,
      "text": undefined,
    }
  }
  accessible={true}
  collapsable={false}
  focusable={true}
  onClick={[Function]}
  onResponderGrant={[Function]}
  onResponderMove={[Function]}
  onResponderRelease={[Function]}
  onResponderTerminate={[Function]}
  onResponderTerminationRequest={[Function]}
  onStartShouldSetResponder={[Function]}
  style={
    {
      "opacity": 1,
    }
  }
  testID="touchable-opacity"
>
  <MaterialCommunityIcons
    color="rgb(255,119,5)"
    name="cart"
    size={26}
    testID="cart-icon"
  />
</View>
`;

exports[`CartButton renders correctly with props 1`] = `
<View
  accessibilityState={
    {
      "busy": undefined,
      "checked": undefined,
      "disabled": undefined,
      "expanded": undefined,
      "selected": undefined,
    }
  }
  accessibilityValue={
    {
      "max": undefined,
      "min": undefined,
      "now": undefined,
      "text": undefined,
    }
  }
  accessible={true}
  collapsable={false}
  focusable={true}
  onClick={[Function]}
  onResponderGrant={[Function]}
  onResponderMove={[Function]}
  onResponderRelease={[Function]}
  onResponderTerminate={[Function]}
  onResponderTerminationRequest={[Function]}
  onStartShouldSetResponder={[Function]}
  style={
    {
      "opacity": 1,
    }
  }
  testID="touchable-opacity"
>
  <MaterialCommunityIcons
    color="rgb(255,119,5)"
    name="cart"
    size={26}
    testID="cart-icon"
  />
</View>
`;
