// Jest Snapshot v1, https://goo.gl/fbAQLP

exports[`Button component renders correctly 1`] = `
<View
  accessibilityState={
    {
      "busy": undefined,
      "checked": undefined,
      "disabled": undefined,
      "expanded": undefined,
      "selected": undefined,
    }
  }
  accessibilityValue={
    {
      "max": undefined,
      "min": undefined,
      "now": undefined,
      "text": undefined,
    }
  }
  accessible={true}
  collapsable={false}
  focusable={false}
  onClick={[Function]}
  onResponderGrant={[Function]}
  onResponderMove={[Function]}
  onResponderRelease={[Function]}
  onResponderTerminate={[Function]}
  onResponderTerminationRequest={[Function]}
  onStartShouldSetResponder={[Function]}
  style={
    {
      "alignItems": "center",
      "backgroundColor": "rgb(255,119,5)",
      "borderRadius": 8,
      "height": 48,
      "justifyContent": "center",
      "opacity": 1,
      "width": "100%",
    }
  }
>
  <Text
    style={
      [
        {
          "color": "rgb(240,237,246)",
          "fontSize": 16,
          "fontWeight": "bold",
          "lineHeight": 21,
        },
      ]
    }
  >
    Click me
  </Text>
</View>
`;
